cargo :     Checking learn-opengl-rs 
v0.1.0 
(C:\Users\Alex\repos\rust-opengl-engine)
At line:1 char:1
+ cargo check > build_output.txt 2>&1
+ ~~~~~~~~~~~~~~~~~~~~~~~~~~~~~~~~~~~
    + CategoryInfo          : NotSpecifi 
   ed: (    Checking le...-opengl-engin  
  e):String) [], RemoteException
    + FullyQualifiedErrorId : NativeComm 
   andError
 
error[E0599]: no method named 
`push_glyph` found for struct 
`RenderBatch` in the current scope
   --> 
src\ui\game_new\render\renderer.rs:483:36
    |
483 |                         
self.batch.push_glyph(v);
    |                                    
^^^^^^^^^^ method not found in 
`RenderBatch`
    |
   ::: 
src\ui\game_new\render\batch.rs:4:1
    |
  4 | pub struct RenderBatch {
    | ---------------------- method 
`push_glyph` not found for this struct

warning: unused variable: `theme`
   --> src\ui\game_new\parser\ron_loader.
rs:210:40
    |
210 | fn resolve_length(length: &mut 
Length, theme: &Theme) {
    |                                    
    ^^^^^ help: if this is intentional, 
prefix it with an underscore: `_theme`
    |
    = note: `#[warn(unused_variables)]` 
(part of `#[warn(unused)]`) on by default

warning: value assigned to 
`batch_started` is never read
   --> 
src\ui\game_new\render\renderer.rs:365:17
    |
365 |                 batch_started = 
false;
    |                 
^^^^^^^^^^^^^^^^^^^^^
    |
    = help: maybe it is overwritten 
before being read?
    = note: 
`#[warn(unused_assignments)]` (part of 
`#[warn(unused)]`) on by default

For more information about this error, 
try `rustc --explain E0599`.
warning: `learn-opengl-rs` (bin 
"learn-opengl-rs") generated 2 warnings
error: could not compile 
`learn-opengl-rs` (bin 
"learn-opengl-rs") due to 1 previous 
error; 2 warnings emitted
